// Jest Snapshot v1, https://goo.gl/fbAQLP

exports[`renders correctly Header  1`] = `
<div
  className="footer-container"
>
  <footer>
    <h3>
      Â© 2024 The New York Times Company
    </h3>
    <div
      className="personal-container"
    >
      <h3
        className="personal-info"
      >
        Web Development by Anjini Jayachandran
      </h3>
    </div>
  </footer>
</div>
`;
