// Jest Snapshot v1, https://goo.gl/fbAQLP

exports[`renders correctly Header  1`] = `
<header>
  <h1>
    The Most Popular Times Articles
  </h1>
</header>
`;
